<?xml version="1.0" encoding="UTF-8"?>
<TestRun id="6e885a61-bbfa-4651-8d5b-bf6641bc5a21" name="eric.domke@G5130 2014-06-30 16:40:18" runUser="WONDERLAN\eric.domke" xmlns="http://microsoft.com/schemas/VisualStudio/TeamTest/2010">
  <TestSettings name="Local" id="ad4d99d5-165f-493c-9b8f-937d51b9a02a">
    <Description>These are default test settings for a local test run.</Description>
    <Deployment enabled="false" runDeploymentRoot="eric.domke_G5130 2014-06-30 16_40_18">
      <DeploymentItem filename="C:\Users\edomke\Documents\GitHub\vvvv\public\common\src\thirdparty\Svg.dll" />
    </Deployment>
    <Execution>
      <TestTypeSpecific />
      <AgentRule name="Execution Agents">
      </AgentRule>
    </Execution>
  </TestSettings>
  <Times creation="2014-06-30T16:40:18.3348101-04:00" queuing="2014-06-30T16:40:21.7778101-04:00" start="2014-06-30T16:40:21.8818101-04:00" finish="2014-06-30T16:40:21.9158101-04:00" />
  <ResultSummary outcome="NotRunnable">
    <Counters total="1" error="0" failed="0" timeout="0" aborted="0" inconclusive="0" passedButRunAborted="0" notRunnable="1" notExecuted="0" disconnected="0" warning="0" passed="0" completed="0" inProgress="0" pending="0" />
  </ResultSummary>
  <TestDefinitions>
    <UnitTest name="TestDescendants" storage="c:\users\edomke\documents\github\svg\source\svg.unittests\bin\debug\svg.unittests.dll" id="2422b99b-f3cc-d94b-5c30-c25d9ff9e9a3">
      <Execution id="d04dd3dc-bf09-4cd0-b2d8-0ff27671af1a" />
      <TestMethod codeBase="C:/Users/edomke/Documents/GitHub/SVG/Source/Svg.UnitTests/bin/Debug/Svg.UnitTests.DLL" adapterTypeName="Microsoft.VisualStudio.TestTools.TestTypes.Unit.UnitTestAdapter, Microsoft.VisualStudio.QualityTools.Tips.UnitTest.Adapter, Version=10.0.0.0, Culture=neutral, PublicKeyToken=b03f5f7f11d50a3a" className="Svg.UnitTests.ExtensionsTest, Svg.UnitTests, Version=1.0.0.0, Culture=neutral, PublicKeyToken=null" name="TestDescendants" />
    </UnitTest>
  </TestDefinitions>
  <TestLists>
    <TestList name="Results Not in a List" id="8c84fa94-04c1-424b-9868-57a2d4851a1d" />
    <TestList name="All Loaded Results" id="19431567-8539-422a-85d7-44ee4e166bda" />
  </TestLists>
  <TestEntries>
    <TestEntry testId="2422b99b-f3cc-d94b-5c30-c25d9ff9e9a3" executionId="d04dd3dc-bf09-4cd0-b2d8-0ff27671af1a" testListId="8c84fa94-04c1-424b-9868-57a2d4851a1d" />
  </TestEntries>
  <Results>
    <UnitTestResult executionId="d04dd3dc-bf09-4cd0-b2d8-0ff27671af1a" testId="2422b99b-f3cc-d94b-5c30-c25d9ff9e9a3" testName="TestDescendants" computerName="G5130" testType="13cdc9d9-ddb5-4fa4-a97d-d965ccfc6d4b" outcome="NotRunnable" testListId="8c84fa94-04c1-424b-9868-57a2d4851a1d" relativeResultsDirectory="d04dd3dc-bf09-4cd0-b2d8-0ff27671af1a">
      <Output>
        <ErrorInfo>
          <Message>UTA007: Method TestDescendants defined in class Svg.UnitTests.ExtensionsTest does not have correct signature. Test method marked with the [TestMethod] attribute must be non-static, public, does not return a value and should not take any parameter. for example: public void Test.Class1.Test().</Message>
        </ErrorInfo>
      </Output>
    </UnitTestResult>
  </Results>
</TestRun>